// Jest Snapshot v1, https://goo.gl/fbAQLP

exports[`Test Snapshot 1`] = `
<div>
  <div>
    Example component
  </div>
</div>
`;
